[01:01:49] [ServerMain/WARN]: Failed to locate performance object for Process in the registry. Performance counters may be corrupt. Pdh call failed with error code 0xC0000BB8
[01:01:49] [ServerMain/INFO]: Disabling further attempts to query Process.
[01:01:57] [ServerMain/INFO]: Environment: Environment[discoveryUrl=https://discovery.minecraftservices.com/minecraft/client, name=PROD]
[01:01:58] [Worker-Main-1/INFO]: Loaded 1866 advancements
[01:01:58] [Server thread/INFO]: Starting minecraft server version 26.3
[01:01:58] [Server thread/INFO]: Loading properties
[01:01:58] [Server thread/INFO]: Default game type: SURVIVAL
[01:01:58] [Server thread/INFO]: Generating keypair
[01:01:58] [Server thread/INFO]: Starting Minecraft server on *:25565
[01:01:58] [Server thread/INFO]: Preparing level "world"
[01:01:58] [Server thread/INFO]: Loading 697 persistent chunks...
[01:01:58] [Server thread/INFO]: Preparing spawn area: 1%
[01:01:59] [Server thread/INFO]: Preparing spawn area: 1%
[01:01:59] [Server thread/INFO]: Preparing spawn area: 26%
[01:02:00] [Server thread/INFO]: Time elapsed: 1393 ms
[01:02:00] [Server thread/INFO]: Done (1.643s)! For help, type "help"
[01:02:00] [Server thread/INFO]: Saving chunks for level 'ServerLevel[world]'/minecraft:overworld
[01:02:01] [Server thread/INFO]: Saving chunks for level 'ServerLevel[world]'/minecraft:the_end
[01:02:01] [Server thread/INFO]: Saving chunks for level 'ServerLevel[world]'/minecraft:the_nether
[01:02:01] [Server thread/INFO]: Saving chunks for level 'ServerLevel[world]'/hub:lobby
[01:02:01] [Server thread/WARN]: [net.minecraft.commands.arguments.blocks.BlockInput] Serialization errors:
: Failed to decode value '{color:"gold",has_glowing_text:1b,messages:['{"text":"✦ HUB ✦","bold":true,"color":"gold"}','{"text":"Retour au Hub","color":"yellow"}','{"text":"Peak Island","color":"gray"}','{"text":"✦ ✦ ✦","color":"gold"}']}' from field 'front_text': Unknown element name:gold
[01:03:00] [Server thread/INFO]: Server empty for 60 seconds, pausing
